                                                                                
   Task Log Entry                                                               
                                                                                
  Saving log entry. Enter the following details.                                
                                                                                
  Use tab/shift-tab to move between sections; esc to go back.                   
                                                                                
  Begin Time* (format: 2006/01/02 15:04)                                        
                                                                                
  > 2025/08/17 10:30                   (j/k/J/K/h/l moves time)                 
                                                                                
  End Time* (format: 2006/01/02 15:04)                                          
                                                                                
  > 2025/08/17 10:30                   (j/k/J/K/h/l moves time)                 
                                                                                
  Comment (optional)                                                            
                                                                                
  ┃ Task log comment goes here.                                                 
  ┃                                                                             
  ┃ This can be used to record details about your work on this task.            
  ┃                                                                             
  ┃                                                                             
  ┃                                                                             
  ┃                                                                             
  ┃                                                                             
  ┃                                                                             
  ┃                                                                             
                                                                                
  Error: end time needs to be at least a minute after begin time                
                                                                                
                                                                                
                                                                                
                                                                                
 hours   Press ? for help                                                       