
  Terminal size too small:
    Width = 50 Height = 20

  Minimum dimensions needed:
    Width = 80 Height = 32

  Press q/<ctrl+c>/<esc>
    to exit
