                                                                                
   Task Log Entry                                                               
                                                                                
  Updating log entry. Enter the following details.                              
                                                                                
  Use tab/shift-tab to move between sections; esc to go back.                   
                                                                                
  Begin Time* (format: 2006/01/02 15:04)                                        
                                                                                
  > 2025/08/17 09:00                   (j/k/J/K/h/l moves time)                 
                                                                                
  End Time* (format: 2006/01/02 15:04)                                          
                                                                                
  > 2025/08/17 10:30                   (j/k/J/K/h/l moves time)                 
                                                                                
  Comment (21/3000)                                                             
                                                                                
  ┃ Edited saved task log                                                       
  ┃                                                                             
  ┃                                                                             
  ┃                                                                             
  ┃                                                                             
  ┃                                                                             
  ┃                                                                             
  ┃                                                                             
  ┃                                                                             
  ┃                                                                             
                                                                                
  You're recording 1h 30m                                                       
                                                                                
  Press <ctrl+s>/<enter> to submit                                              
                                                                                
                                                                                
                                                                                
                                                                                
                                                                                
                                                                                
                                                                                
                                                                                
 hours   Press ? for help                                                       